// Jest Snapshot v1, https://goo.gl/fbAQLP

exports[`ShoppingInput component should render component 1`] = `ShallowWrapper {}`;
